// Jest Snapshot v1, https://goo.gl/fbAQLP

exports[`simple 1`] = `
Object {
  "errors": Array [],
  "html": "<!DOCTYPE html PUBLIC \\"-//W3C//DTD XHTML 1.0 Transitional //EN\\" \\"http://www.w3.org/TR/xhtml1/DTD/xhtml1-transitional.dtd\\" />
<html lang=\\"en\\" xmlns=\\"http://www.w3.org/1999/xhtml\\" xmlns:v=\\"urn:schemas-microsoft-com:vml\\" xmlns:o=\\"urn:schemas-microsoft-com:office:office\\">
  <head> </head>
  <head>
    <meta http-equiv=\\"Content-Type\\" content=\\"text/html; charset=UTF-8\\" />
    <meta name=\\"viewport\\" content=\\"width=device-width, initial-scale=1.0\\" />
    <meta name=\\"x-apple-disable-message-reformatting\\" />
    <!--[if !mso]><!-->
    <meta http-equiv=\\"X-UA-Compatible\\" content=\\"IE=edge\\" />
    <!--<![endif]-->
    <style type=\\"text/css\\">
      * {
        text-size-adjust: 100%;
        -ms-text-size-adjust: 100%;
        -moz-text-size-adjust: 100%;
        -webkit-text-size-adjust: 100%;
      }

      html {
        height: 100%;
        width: 100%;
      }

      body {
        height: 100% !important;
        margin: 0 !important;
        padding: 0 !important;
        width: 100% !important;
        mso-line-height-rule: exactly;
      }

      div[style*=\\"margin: 16px 0\\"] {
        margin: 0 !important;
      }

      table,
      td {
        mso-table-lspace: 0pt;
        mso-table-rspace: 0pt;
      }

      img {
        border: 0;
        height: auto;
        line-height: 100%;
        outline: none;
        text-decoration: none;
        -ms-interpolation-mode: bicubic;
      }

      .ReadMsgBody,
      .ExternalClass {
        width: 100%;
      }

      .ExternalClass,
      .ExternalClass p,
      .ExternalClass span,
      .ExternalClass td,
      .ExternalClass div {
        line-height: 100%;
      }
    </style>
    <!--[if gte mso 9]>
      <style type=\\"text/css\\">
      li { text-indent: -1em; }
      table td { border-collapse: collapse; }
      </style>
      <![endif]-->
    <title>Welcome to HEML!</title>
    <!-- content -->
    <!--[if gte mso 9]><xml>
       <o:OfficeDocumentSettings>
        <o:AllowPNG/>
        <o:PixelsPerInch>96</o:PixelsPerInch>
       </o:OfficeDocumentSettings>
      </xml><![endif]-->
  </head>
  <body class=\\"body\\" style=\\"background-color: #87CEEB; margin: 0; width: 100%;\\">
    <table class=\\"bodyTable\\" role=\\"presentation\\" width=\\"100%\\" align=\\"left\\" border=\\"0\\" cellpadding=\\"0\\" cellspacing=\\"0\\" style=\\"width: 100%; background-color: #87CEEB; margin: 0;\\" bgcolor=\\"#87CEEB\\">
      <tr>
        <td class=\\"body__content\\" align=\\"left\\" width=\\"100%\\" valign=\\"top\\" style=\\"color: #000000; font-family: Helvetica,Arial,sans-serif; font-size: 16px; line-height: 20px;\\">
          <div class=\\"container\\" style=\\"margin: 0 auto; max-width: 600px; width: 100%;\\"> <!--[if mso | IE]>
            <table class=\\"container__table__ie\\" role=\\"presentation\\" border=\\"0\\" cellpadding=\\"0\\" cellspacing=\\"0\\" style=\\"margin-right: auto; margin-left: auto;width: 600px\\" width=\\"600\\" align=\\"center\\">
              <tr>
                <td> <![endif]-->
                  <table class=\\"container__table\\" role=\\"presentation\\" border=\\"0\\" align=\\"center\\" cellpadding=\\"0\\" cellspacing=\\"0\\" width=\\"100%\\">
                    <tr class=\\"container__row\\">
                      <td class=\\"container__cell\\" width=\\"100%\\" align=\\"left\\" valign=\\"top\\">
                        <marquee>
                          <h1 class=\\"header h1\\" style=\\"margin: 20px 0; line-height: 40px; font-family: Helvetica,Arial,sans-serif; color: #9400D3;\\">Explore the world of email! 💌</h1>
                        </marquee>
                      </td>
                    </tr>
                  </table> <!--[if mso | IE]> </td>
              </tr>
            </table> <![endif]--> </div>
        </td>
      </tr>
    </table>
    <div style=\\"display:none; white-space:nowrap; font-size:15px; line-height:0;\\">&nbsp; &nbsp; &nbsp; &nbsp; &nbsp; &nbsp; &nbsp; &nbsp; &nbsp; &nbsp; &nbsp; &nbsp; &nbsp; &nbsp; &nbsp; &nbsp; &nbsp; &nbsp; &nbsp; &nbsp; &nbsp; &nbsp; &nbsp; &nbsp; &nbsp; &nbsp; &nbsp; &nbsp; &nbsp; &nbsp; </div>
  </body>
</html>",
  "metadata": Object {
    "meta": Array [],
    "size": "3.86kb",
    "subject": "Welcome to HEML!",
  },
}
`;
